* TEST: DATATYPE = DNA, BACKMAP = NO

ORIGINAL MSA (15):
WWAC-CTA-ATACTT
CCCC-TTA-ATAGTT
AA-C-TAG-CTGCTT
CCTCTTAA-A-ACGG
CCAC-TCA-A-ATGG

COMPRESSED MSA (12):
AAACCCTTTW--
AACCGTTTTC--
CG-CCTATTA--
AATCCTAG-CT-
AAACTTCG-C--

PATTERN WEIGHTS: 1 2 1 1 1 1 1 2 1 2 1 1 


* TEST: DATATYPE = DNA, BACKMAP = YES

ORIGINAL MSA (15):
WWAC-CTA-ATACTT
CCCC-TTA-ATAGTT
AA-C-TAG-CTGCTT
CCTCTTAA-A-ACGG
CCAC-TCA-A-ATGG

COMPRESSED MSA (12):
AAACCCTTTW--
AACCGTTTTC--
CG-CCTATTA--
AATCCTAG-CT-
AAACTTCG-C--

PATTERN WEIGHTS: 1 2 1 1 1 1 1 2 1 2 1 1 
SITE-TO-PATTERN MAP: 9 9 2 3 10 5 6 1 11 0 8 1 4 7 7 

UNCOMPRESSED MSA (15):
WWAC-CTA-ATACTT
CCCC-TTA-ATAGTT
AA-C-TAG-CTGCTT
CCTCTTAA-A-ACGG
CCAC-TCA-A-ATGG



* TEST: DATATYPE = AA, BACKMAP = NO

ORIGINAL MSA (19):
PIGL-RVTLGRRGD-RMWI
IQGM-DITIGVTG------
--AF-ALLQAKIAG-MPFE
MDIS-IVT-I-------TA
GLSE-QTVFSHESI-DQDK

COMPRESSED MSA (17):
-DGGIILLMPRRRRTVW
--GG-QIM-I-DTVTI-
-GAAE-QFP-MAIKLLF
---IAD-S-M-I--TVT
-ISSKLFEQGDQEHVTD

PATTERN WEIGHTS: 2 1 1 2 1 1 1 1 1 1 1 1 1 1 1 1 1 


* TEST: DATATYPE = AA, BACKMAP = YES

ORIGINAL MSA (19):
PIGL-RVTLGRRGD-RMWI
IQGM-DITIGVTG------
--AF-ALLQAKIAG-MPFE
MDIS-IVT-I-------TA
GLSE-QTVFSHESI-DQDK

COMPRESSED MSA (17):
-DGGIILLMPRRRRTVW
--GG-QIM-I-DTVTI-
-GAAE-QFP-MAIKLLF
---IAD-S-M-I--TVT
-ISSKLFEQGDQEHVTD

PATTERN WEIGHTS: 2 1 1 2 1 1 1 1 1 1 1 1 1 1 1 1 1 
SITE-TO-PATTERN MAP: 9 5 3 7 0 11 15 14 6 3 13 12 2 1 0 10 8 16 4 

UNCOMPRESSED MSA (19):
PIGL-RVTLGRRGD-RMWI
IQGM-DITIGVTG------
--AF-ALLQAKIAG-MPFE
MDIS-IVT-I-------TA
GLSE-QTVFSHESI-DQDK



* TEST: DATATYPE = ODD7, BACKMAP = NO

ORIGINAL MSA (13):
AAB-CCD-EAFAA
ACC-FBA-ACBGG
A-C-GAG-G-CCF
ADCFCAA-AD-CG
ABC-BCA-AB-BG

COMPRESSED MSA (12):
AAAABCCDEF--
ACGGCBFAAB--
A-CFCAGGGC--
ADCGCACAA-F-
ABBGCCBAA---

PATTERN WEIGHTS: 1 2 1 1 1 1 1 1 1 1 1 1 


* TEST: DATATYPE = ODD7, BACKMAP = YES

ORIGINAL MSA (13):
AAB-CCD-EAFAA
ACC-FBA-ACBGG
A-C-GAG-G-CCF
ADCFCAA-AD-CG
ABC-BCA-AB-BG

COMPRESSED MSA (12):
AAAABCCDEF--
ACGGCBFAAB--
A-CFCAGGGC--
ADCGCACAA-F-
ABBGCCBAA---

PATTERN WEIGHTS: 1 2 1 1 1 1 1 1 1 1 1 1 
SITE-TO-PATTERN MAP: 0 1 4 10 6 5 7 11 8 1 9 2 3 

UNCOMPRESSED MSA (13):
AAB-CCD-EAFAA
ACC-FBA-ACBGG
A-C-GAG-G-CCF
ADCFCAA-AD-CG
ABC-BCA-AB-BG



