datatype = DNA, scaling = per-site, alpha = 0.050000, pinv = 0.000000, rates = [ 0.000000 0.000001 0.005299 3.994700 ]
recompute P-matrices: 3997
recompute CLVs: 1998
scaler 1995: [ 8 6 21 21 4 8 6 21 21 4 8 6 21 21 4 8 6 ]
per-site logLH: [ -1565.4625 -1079.1468 -inf -inf -812.9101 -1565.4625 -1079.1468 -inf -inf -812.9101 -1565.4625 -1079.1468 -inf -inf -812.9101 -1565.4625 -1079.1468 ]
logLH INNER-INNER at edge (3997-3995): -inf, LH derivatives: -nan, -nan
logLH TIP-INNER at edge (3997-1999): -inf, LH derivatives: -nan, -nan

datatype = DNA, scaling = per-rate, alpha = 0.050000, pinv = 0.000000, rates = [ 0.000000 0.000001 0.005299 3.994700 ]
recompute P-matrices: 3997
recompute CLVs: 1998
scaler 1995: [ 8+(47 22 7 0)  6+(50 25 9 0)  15+(42 16 0 5)  15+(41 16 0 5)  4+(50 27 11 0)  8+(47 22 7 0)  6+(50 25 9 0)  15+(42 16 0 5)  15+(41 16 0 5)  4+(50 27 11 0)  8+(47 22 7 0)  6+(50 25 9 0)  15+(42 16 0 5)  15+(41 16 0 5)  4+(50 27 11 0)  8+(47 22 7 0)  6+(50 25 9 0)  ]
per-site logLH: [ -1565.4625 -1079.1468 -2838.4637 -2813.7557 -812.9101 -1565.4625 -1079.1468 -2838.4637 -2813.7557 -812.9101 -1565.4625 -1079.1468 -2838.4637 -2813.7557 -812.9101 -1565.4625 -1079.1468 ]
logLH INNER-INNER at edge (3997-3995): -29973.8253, LH derivatives: -9.1629, 9.9048
logLH TIP-INNER at edge (3997-1999): -29973.8253, LH derivatives: -4.8961, 3.9260

datatype = PROT, scaling = per-site, alpha = 0.050000, pinv = 0.000000, rates = [ 0.000000 0.000001 0.005299 3.994700 ]
recompute P-matrices: 3997
recompute CLVs: 1998
scaler 1995: [ 26 26 26 26 26 26 26 26 26 26 26 26 26 26 26 26 26 ]
per-site logLH: [ -inf -inf -inf -inf -inf -inf -inf -inf -inf -inf -inf -inf -inf -inf -inf -inf -inf ]
logLH INNER-INNER at edge (3997-3995): -inf, LH derivatives: -nan, -nan
logLH TIP-INNER at edge (3997-1999): -inf, LH derivatives: -nan, -nan

datatype = PROT, scaling = per-rate, alpha = 0.050000, pinv = 0.000000, rates = [ 0.000000 0.000001 0.005299 3.994700 ]
recompute P-matrices: 3997
recompute CLVs: 1998
scaler 1995: [ 22+(50 23 1 0)  23+(50 22 0 4)  22+(50 23 0 0)  23+(50 22 0 13)  23+(50 22 0 3)  22+(50 23 1 0)  23+(50 22 0 3)  23+(50 22 0 9)  23+(50 22 0 2)  23+(50 22 0 6)  21+(50 25 2 0)  23+(50 22 0 3)  23+(50 22 0 3)  23+(50 22 0 11)  23+(50 22 0 2)  23+(50 22 0 12)  23+(50 22 0 3)  ]
per-site logLH: [ -4011.0208 -4158.8397 -3954.6951 -4193.3410 -4185.1165 -4019.2344 -4158.1321 -4182.3610 -4149.0615 -4126.2162 -3784.5106 -4192.5409 -4164.2687 -4146.9629 -4173.6299 -4171.0826 -4182.3108 ]
logLH INNER-INNER at edge (3997-3995): -69953.3247, LH derivatives: -15.6240, 17.0776
logLH TIP-INNER at edge (3997-1999): -69953.3247, LH derivatives: -8.2630, 6.2226

datatype = ODD, scaling = per-site, alpha = 0.050000, pinv = 0.000000, rates = [ 0.000000 0.000001 0.005299 3.994700 ]
recompute P-matrices: 3997
recompute CLVs: 1998
scaler 1995: [ 11 20 20 20 20 3 11 20 20 20 20 3 11 20 20 20 20 ]
per-site logLH: [ -2031.8326 -inf -inf -inf -inf -642.1451 -2031.8326 -inf -inf -inf -inf -642.1451 -2031.8326 -inf -inf -inf -inf ]
logLH INNER-INNER at edge (3997-3995): -inf, LH derivatives: -nan, -nan
logLH TIP-INNER at edge (3997-1999): -inf, LH derivatives: -nan, -nan

datatype = ODD, scaling = per-rate, alpha = 0.050000, pinv = 0.000000, rates = [ 0.000000 0.000001 0.005299 3.994700 ]
recompute P-matrices: 3997
recompute CLVs: 1998
scaler 1995: [ 11+(36 14 0 2)  11+(36 15 0 4)  11+(36 15 0 11)  11+(35 14 0 5)  11+(34 13 0 2)  3+(43 22 8 0)  11+(36 14 0 2)  11+(36 15 0 4)  11+(36 15 0 11)  11+(35 14 0 5)  11+(34 13 0 2)  3+(43 22 8 0)  11+(36 14 0 2)  11+(36 15 0 4)  11+(36 15 0 11)  11+(35 14 0 5)  11+(34 13 0 2)  ]
per-site logLH: [ -2031.8325 -2114.0149 -2122.8245 -2095.7873 -2030.7035 -642.1451 -2031.8325 -2114.0149 -2122.8245 -2095.7873 -2030.7035 -642.1451 -2031.8325 -2114.0149 -2122.8245 -2095.7873 -2030.7035 ]
logLH INNER-INNER at edge (3997-3995): -32469.7782, LH derivatives: -9.9433, 9.3412
logLH TIP-INNER at edge (3997-1999): -32469.7782, LH derivatives: -8.9335, 8.9611

datatype = DNA, scaling = per-site, alpha = 0.050000, pinv = 0.100000, rates = [ 0.000000 0.000001 0.005299 3.994700 ]
recompute P-matrices: 3997
recompute CLVs: 1998
scaler 1995: [ 8 6 21 21 4 8 6 21 21 4 8 6 21 21 4 8 6 ]
per-site logLH: [ -1565.0600 -1083.9167 -inf -inf -799.3931 -1565.0600 -1083.9167 -inf -inf -799.3931 -1565.0600 -1083.9167 -inf -inf -799.3931 -1565.0600 -1083.9167 ]
logLH INNER-INNER at edge (3997-3995): -inf, LH derivatives: -nan, -nan
logLH TIP-INNER at edge (3997-1999): -inf, LH derivatives: -nan, -nan

datatype = DNA, scaling = per-rate, alpha = 0.050000, pinv = 0.100000, rates = [ 0.000000 0.000001 0.005299 3.994700 ]
recompute P-matrices: 3997
recompute CLVs: 1998
scaler 1995: [ 8+(47 22 7 0)  6+(50 25 9 0)  15+(41 16 0 5)  15+(40 15 0 5)  4+(50 26 11 0)  8+(47 22 7 0)  6+(50 25 9 0)  15+(41 16 0 5)  15+(40 15 0 5)  4+(50 26 11 0)  8+(47 22 7 0)  6+(50 25 9 0)  15+(41 16 0 5)  15+(40 15 0 5)  4+(50 26 11 0)  8+(47 22 7 0)  6+(50 25 9 0)  ]
per-site logLH: [ -1565.0600 -1083.9167 -2803.3715 -2780.4564 -799.3931 -1565.0600 -1083.9167 -2803.3715 -2780.4564 -799.3931 -1565.0600 -1083.9167 -2803.3715 -2780.4564 -799.3931 -1565.0600 -1083.9167 ]
logLH INNER-INNER at edge (3997-3995): -29745.5701, LH derivatives: -9.0897, 9.8844
logLH TIP-INNER at edge (3997-1999): -29745.5701, LH derivatives: -4.9115, 3.9436

datatype = PROT, scaling = per-site, alpha = 0.050000, pinv = 0.100000, rates = [ 0.000000 0.000001 0.005299 3.994700 ]
recompute P-matrices: 3997
recompute CLVs: 1998
scaler 1995: [ 26 26 26 26 26 26 26 26 26 26 26 26 26 26 26 26 26 ]
per-site logLH: [ -inf -inf -inf -inf -inf -inf -inf -inf -inf -inf -inf -inf -inf -inf -inf -inf -inf ]
logLH INNER-INNER at edge (3997-3995): -inf, LH derivatives: -nan, -nan
logLH TIP-INNER at edge (3997-1999): -inf, LH derivatives: -nan, -nan

datatype = PROT, scaling = per-rate, alpha = 0.050000, pinv = 0.100000, rates = [ 0.000000 0.000001 0.005299 3.994700 ]
recompute P-matrices: 3997
recompute CLVs: 1998
scaler 1995: [ 22+(50 23 0 1)  22+(50 23 0 6)  22+(50 23 0 0)  23+(50 22 0 13)  23+(50 22 0 4)  22+(50 23 0 2)  22+(50 23 0 5)  23+(50 22 0 9)  22+(50 23 0 3)  22+(50 23 0 8)  22+(50 23 1 0)  23+(50 22 0 4)  23+(50 22 0 4)  22+(50 23 0 14)  23+(50 22 0 3)  23+(50 22 0 13)  23+(50 22 0 4)  ]
per-site logLH: [ -4100.6530 -4109.5212 -4046.3640 -4144.7589 -4135.6266 -4072.6875 -4108.7390 -4133.1854 -4099.7658 -4077.3177 -3998.9891 -4143.5687 -4115.2782 -4097.6466 -4124.2213 -4122.0702 -4133.2120 ]
logLH INNER-INNER at edge (3997-3995): -69763.6053, LH derivatives: -16.3248, 16.5826
logLH TIP-INNER at edge (3997-1999): -69763.6053, LH derivatives: -9.5924, 6.8551

datatype = ODD, scaling = per-site, alpha = 0.050000, pinv = 0.100000, rates = [ 0.000000 0.000001 0.005299 3.994700 ]
recompute P-matrices: 3997
recompute CLVs: 1998
scaler 1995: [ 11 20 20 20 11 3 11 20 20 20 11 3 11 20 20 20 11 ]
per-site logLH: [ -2000.4035 -inf -inf -inf -1999.9952 -642.2293 -2000.4035 -inf -inf -inf -1999.9952 -642.2293 -2000.4035 -inf -inf -inf -1999.9952 ]
logLH INNER-INNER at edge (3997-3995): -inf, LH derivatives: -nan, -nan
logLH TIP-INNER at edge (3997-1999): -inf, LH derivatives: -nan, -nan

datatype = ODD, scaling = per-rate, alpha = 0.050000, pinv = 0.100000, rates = [ 0.000000 0.000001 0.005299 3.994700 ]
recompute P-matrices: 3997
recompute CLVs: 1998
scaler 1995: [ 11+(35 14 0 2)  11+(36 14 0 4)  11+(36 15 0 11)  11+(35 14 0 5)  11+(34 13 0 2)  3+(43 22 8 0)  11+(35 14 0 2)  11+(36 14 0 4)  11+(36 15 0 11)  11+(35 14 0 5)  11+(34 13 0 2)  3+(43 22 8 0)  11+(35 14 0 2)  11+(36 14 0 4)  11+(36 15 0 11)  11+(35 14 0 5)  11+(34 13 0 2)  ]
per-site logLH: [ -2000.4035 -2081.9652 -2090.4266 -2063.7082 -2000.0386 -642.2293 -2000.4035 -2081.9652 -2090.4266 -2063.7082 -2000.0386 -642.2293 -2000.4035 -2081.9652 -2090.4266 -2063.7082 -2000.0386 ]
logLH INNER-INNER at edge (3997-3995): -31994.0849, LH derivatives: -9.9342, 9.3303
logLH TIP-INNER at edge (3997-1999): -31994.0849, LH derivatives: -8.9259, 8.9559

datatype = DNA, scaling = per-site, alpha = 0.200000, pinv = 0.000000, rates = [ 0.000531 0.033775 0.383658 3.582035 ]
recompute P-matrices: 3997
recompute CLVs: 1998
scaler 1995: [ 8 6 21 21 4 8 6 21 21 4 8 6 21 21 4 8 6 ]
per-site logLH: [ -1567.6326 -1076.7894 -inf -inf -827.4514 -1567.6326 -1076.7894 -inf -inf -827.4514 -1567.6326 -1076.7894 -inf -inf -827.4514 -1567.6326 -1076.7894 ]
logLH INNER-INNER at edge (3997-3995): -inf, LH derivatives: -nan, -nan
logLH TIP-INNER at edge (3997-1999): -inf, LH derivatives: -nan, -nan

datatype = DNA, scaling = per-rate, alpha = 0.200000, pinv = 0.000000, rates = [ 0.000531 0.033775 0.383658 3.582035 ]
recompute P-matrices: 3997
recompute CLVs: 1998
scaler 1995: [ 8+(11 3 1 0)  6+(14 6 1 0)  12+(8 0 2 8)  12+(7 0 2 8)  4+(15 7 3 0)  8+(11 3 1 0)  6+(14 6 1 0)  12+(8 0 2 8)  12+(7 0 2 8)  4+(15 7 3 0)  8+(11 3 1 0)  6+(14 6 1 0)  12+(8 0 2 8)  12+(7 0 2 8)  4+(15 7 3 0)  8+(11 3 1 0)  6+(14 6 1 0)  ]
per-site logLH: [ -1567.6326 -1076.7894 -2277.3326 -2279.8917 -827.4514 -1567.6326 -1076.7894 -2277.3326 -2279.8917 -827.4514 -1567.6326 -1076.7894 -2277.3326 -2279.8917 -827.4514 -1567.6326 -1076.7894 ]
logLH INNER-INNER at edge (3997-3995): -26731.7147, LH derivatives: -9.7420, 10.1484
logLH TIP-INNER at edge (3997-1999): -26731.7147, LH derivatives: -5.1817, 4.0230

datatype = PROT, scaling = per-site, alpha = 0.200000, pinv = 0.000000, rates = [ 0.000531 0.033775 0.383658 3.582035 ]
recompute P-matrices: 3997
recompute CLVs: 1998
scaler 1995: [ 13 15 13 16 14 13 14 15 14 16 13 15 16 14 14 15 14 ]
per-site logLH: [ -2402.9135 -2720.2725 -2499.1258 -3019.9878 -2593.3192 -2357.0789 -2650.7274 -2837.2007 -2577.9606 -2867.9806 -2391.7470 -2853.9946 -2862.0421 -2611.6726 -2526.9801 -2753.3326 -2633.2433 ]
logLH INNER-INNER at edge (3997-3995): -45159.5794, LH derivatives: -17.1228, 17.2871
logLH TIP-INNER at edge (3997-1999): -45159.5794, LH derivatives: -7.3764, 6.6842

datatype = PROT, scaling = per-rate, alpha = 0.200000, pinv = 0.000000, rates = [ 0.000531 0.033775 0.383658 3.582035 ]
recompute P-matrices: 3997
recompute CLVs: 1998
scaler 1995: [ 13+(16 5 0 8)  15+(14 3 0 12)  13+(15 5 0 8)  16+(13 2 0 19)  14+(15 4 0 11)  13+(16 5 0 8)  14+(15 4 0 11)  15+(14 3 0 16)  14+(15 4 0 10)  16+(13 2 0 13)  13+(16 5 0 7)  15+(14 3 0 11)  16+(13 2 0 9)  14+(15 4 0 18)  14+(15 4 0 10)  15+(14 3 0 18)  14+(15 4 0 11)  ]
per-site logLH: [ -2402.9135 -2720.2725 -2499.1258 -3019.9878 -2593.3192 -2357.0789 -2650.7274 -2837.2007 -2577.9606 -2867.9806 -2391.7470 -2853.9946 -2862.0421 -2611.6726 -2526.9801 -2753.3326 -2633.2433 ]
logLH INNER-INNER at edge (3997-3995): -45159.5794, LH derivatives: -17.1228, 17.2871
logLH TIP-INNER at edge (3997-1999): -45159.5794, LH derivatives: -7.3764, 6.6842

datatype = ODD, scaling = per-site, alpha = 0.200000, pinv = 0.000000, rates = [ 0.000531 0.033775 0.383658 3.582035 ]
recompute P-matrices: 3997
recompute CLVs: 1998
scaler 1995: [ 7 8 8 7 6 3 7 8 8 7 6 3 7 8 8 7 6 ]
per-site logLH: [ -1265.7891 -1454.4855 -1596.2222 -1267.8982 -1217.5545 -642.2384 -1265.7891 -1454.4855 -1596.2222 -1267.8982 -1217.5545 -642.2384 -1265.7891 -1454.4855 -1596.2222 -1267.8982 -1217.5545 ]
logLH INNER-INNER at edge (3997-3995): -21690.3250, LH derivatives: -5.5333, 8.5913
logLH TIP-INNER at edge (3997-1999): -21690.3250, LH derivatives: -5.1855, 6.6088

datatype = ODD, scaling = per-rate, alpha = 0.200000, pinv = 0.000000, rates = [ 0.000531 0.033775 0.383658 3.582035 ]
recompute P-matrices: 3997
recompute CLVs: 1998
scaler 1995: [ 7+(8 1 0 6)  8+(7 0 0 7)  8+(7 0 1 14)  7+(8 1 0 9)  6+(9 2 0 7)  3+(12 5 1 0)  7+(8 1 0 6)  8+(7 0 0 7)  8+(7 0 1 14)  7+(8 1 0 9)  6+(9 2 0 7)  3+(12 5 1 0)  7+(8 1 0 6)  8+(7 0 0 7)  8+(7 0 1 14)  7+(8 1 0 9)  6+(9 2 0 7)  ]
per-site logLH: [ -1265.7891 -1454.4855 -1596.2222 -1267.8982 -1217.5545 -642.2384 -1265.7891 -1454.4855 -1596.2222 -1267.8982 -1217.5545 -642.2384 -1265.7891 -1454.4855 -1596.2222 -1267.8982 -1217.5545 ]
logLH INNER-INNER at edge (3997-3995): -21690.3250, LH derivatives: -5.5333, 8.5913
logLH TIP-INNER at edge (3997-1999): -21690.3250, LH derivatives: -5.1855, 6.6088

datatype = DNA, scaling = per-site, alpha = 0.200000, pinv = 0.100000, rates = [ 0.000531 0.033775 0.383658 3.582035 ]
recompute P-matrices: 3997
recompute CLVs: 1998
scaler 1995: [ 8 6 21 20 4 8 6 21 20 4 8 6 21 20 4 8 6 ]
per-site logLH: [ -1565.6145 -1079.1328 -inf -inf -813.4986 -1565.6145 -1079.1328 -inf -inf -813.4986 -1565.6145 -1079.1328 -inf -inf -813.4986 -1565.6145 -1079.1328 ]
logLH INNER-INNER at edge (3997-3995): -inf, LH derivatives: -nan, -nan
logLH TIP-INNER at edge (3997-1999): -inf, LH derivatives: -nan, -nan

datatype = DNA, scaling = per-rate, alpha = 0.200000, pinv = 0.100000, rates = [ 0.000531 0.033775 0.383658 3.582035 ]
recompute P-matrices: 3997
recompute CLVs: 1998
scaler 1995: [ 8+(11 3 1 0)  6+(14 6 1 0)  12+(8 0 2 8)  12+(7 0 2 8)  4+(15 7 2 0)  8+(11 3 1 0)  6+(14 6 1 0)  12+(8 0 2 8)  12+(7 0 2 8)  4+(15 7 2 0)  8+(11 3 1 0)  6+(14 6 1 0)  12+(8 0 2 8)  12+(7 0 2 8)  4+(15 7 2 0)  8+(11 3 1 0)  6+(14 6 1 0)  ]
per-site logLH: [ -1565.6145 -1079.1328 -2252.7675 -2256.5166 -813.4986 -1565.6145 -1079.1328 -2252.7675 -2256.5166 -813.4986 -1565.6145 -1079.1328 -2252.7675 -2256.5166 -813.4986 -1565.6145 -1079.1328 ]
logLH INNER-INNER at edge (3997-3995): -26547.3372, LH derivatives: -9.7023, 10.1673
logLH TIP-INNER at edge (3997-1999): -26547.3372, LH derivatives: -5.2028, 4.0531

datatype = PROT, scaling = per-site, alpha = 0.200000, pinv = 0.100000, rates = [ 0.000531 0.033775 0.383658 3.582035 ]
recompute P-matrices: 3997
recompute CLVs: 1998
scaler 1995: [ 13 15 13 17 14 13 14 16 14 16 13 16 16 14 14 15 14 ]
per-site logLH: [ -2388.4869 -2738.1593 -2498.5364 -3067.6369 -2595.3194 -2340.2351 -2661.3319 -2866.6278 -2581.0663 -2904.1260 -2371.4249 -2878.0079 -2889.4922 -2620.9717 -2523.2115 -2774.9179 -2638.6701 ]
logLH INNER-INNER at edge (3997-3995): -45338.2223, LH derivatives: -17.0682, 17.4084
logLH TIP-INNER at edge (3997-1999): -45338.2223, LH derivatives: -7.0892, 6.6122

datatype = PROT, scaling = per-rate, alpha = 0.200000, pinv = 0.100000, rates = [ 0.000531 0.033775 0.383658 3.582035 ]
recompute P-matrices: 3997
recompute CLVs: 1998
scaler 1995: [ 13+(16 5 0 9)  15+(14 3 0 12)  13+(15 4 0 9)  17+(12 1 0 19)  14+(15 4 0 12)  13+(15 4 0 9)  14+(15 4 0 12)  16+(13 2 0 16)  14+(15 4 0 11)  16+(12 2 0 13)  13+(16 5 0 8)  16+(13 2 0 10)  16+(13 2 0 10)  14+(15 4 0 20)  14+(15 4 0 11)  15+(14 3 0 20)  14+(15 4 0 12)  ]
per-site logLH: [ -2388.4869 -2738.1593 -2498.5364 -3067.6369 -2595.3194 -2340.2351 -2661.3319 -2866.6278 -2581.0663 -2904.1260 -2371.4249 -2878.0079 -2889.4922 -2620.9717 -2523.2115 -2774.9179 -2638.6701 ]
logLH INNER-INNER at edge (3997-3995): -45338.2223, LH derivatives: -17.0682, 17.4084
logLH TIP-INNER at edge (3997-1999): -45338.2223, LH derivatives: -7.0892, 6.6122

datatype = ODD, scaling = per-site, alpha = 0.200000, pinv = 0.100000, rates = [ 0.000531 0.033775 0.383658 3.582035 ]
recompute P-matrices: 3997
recompute CLVs: 1998
scaler 1995: [ 7 8 8 7 6 3 7 8 8 7 6 3 7 8 8 7 6 ]
per-site logLH: [ -1290.4219 -1492.9700 -1571.7540 -1291.9900 -1237.4036 -642.2521 -1290.4219 -1492.9700 -1571.7540 -1291.9900 -1237.4036 -642.2521 -1290.4219 -1492.9700 -1571.7540 -1291.9900 -1237.4036 ]
logLH INNER-INNER at edge (3997-3995): -21938.1226, LH derivatives: -5.1987, 8.4658
logLH TIP-INNER at edge (3997-1999): -21938.1226, LH derivatives: -4.8498, 6.3672

datatype = ODD, scaling = per-rate, alpha = 0.200000, pinv = 0.100000, rates = [ 0.000531 0.033775 0.383658 3.582035 ]
recompute P-matrices: 3997
recompute CLVs: 1998
scaler 1995: [ 7+(8 1 0 6)  8+(7 0 0 7)  8+(7 0 1 14)  7+(8 1 0 9)  6+(8 2 0 7)  3+(12 5 1 0)  7+(8 1 0 6)  8+(7 0 0 7)  8+(7 0 1 14)  7+(8 1 0 9)  6+(8 2 0 7)  3+(12 5 1 0)  7+(8 1 0 6)  8+(7 0 0 7)  8+(7 0 1 14)  7+(8 1 0 9)  6+(8 2 0 7)  ]
per-site logLH: [ -1290.4219 -1492.9700 -1571.7540 -1291.9900 -1237.4036 -642.2521 -1290.4219 -1492.9700 -1571.7540 -1291.9900 -1237.4036 -642.2521 -1290.4219 -1492.9700 -1571.7540 -1291.9900 -1237.4036 ]
logLH INNER-INNER at edge (3997-3995): -21938.1226, LH derivatives: -5.1987, 8.4658
logLH TIP-INNER at edge (3997-1999): -21938.1226, LH derivatives: -4.8498, 6.3672

datatype = DNA, scaling = per-site, alpha = 2.000000, pinv = 0.000000, rates = [ 0.293275 0.655014 1.069990 1.981722 ]
recompute P-matrices: 3997
recompute CLVs: 1998
scaler 1995: [ 9 6 13 13 5 9 6 13 13 5 9 6 13 13 5 9 6 ]
per-site logLH: [ -1603.6166 -1100.1947 -2388.7163 -2399.8925 -913.5515 -1603.6166 -1100.1947 -2388.7163 -2399.8925 -913.5515 -1603.6166 -1100.1947 -2388.7163 -2399.8925 -913.5515 -1603.6166 -1100.1947 ]
logLH INNER-INNER at edge (3997-3995): -27921.7264, LH derivatives: -10.1217, 11.6041
logLH TIP-INNER at edge (3997-1999): -27921.7264, LH derivatives: -4.4571, 4.1648

datatype = DNA, scaling = per-rate, alpha = 2.000000, pinv = 0.000000, rates = [ 0.293275 0.655014 1.069990 1.981722 ]
recompute P-matrices: 3997
recompute CLVs: 1998
scaler 1995: [ 9+(0 0 0 0)  6+(2 1 0 0)  13+(0 4 6 7)  13+(0 4 6 7)  5+(2 1 0 0)  9+(0 0 0 0)  6+(2 1 0 0)  13+(0 4 6 7)  13+(0 4 6 7)  5+(2 1 0 0)  9+(0 0 0 0)  6+(2 1 0 0)  13+(0 4 6 7)  13+(0 4 6 7)  5+(2 1 0 0)  9+(0 0 0 0)  6+(2 1 0 0)  ]
per-site logLH: [ -1603.6166 -1100.1947 -2388.7163 -2399.8925 -913.5515 -1603.6166 -1100.1947 -2388.7163 -2399.8925 -913.5515 -1603.6166 -1100.1947 -2388.7163 -2399.8925 -913.5515 -1603.6166 -1100.1947 ]
logLH INNER-INNER at edge (3997-3995): -27921.7264, LH derivatives: -10.1217, 11.6041
logLH TIP-INNER at edge (3997-1999): -27921.7264, LH derivatives: -4.4571, 4.1648

datatype = PROT, scaling = per-site, alpha = 2.000000, pinv = 0.000000, rates = [ 0.293275 0.655014 1.069990 1.981722 ]
recompute P-matrices: 3997
recompute CLVs: 1998
scaler 1995: [ 13 15 14 16 14 12 14 15 14 15 13 15 15 14 14 15 14 ]
per-site logLH: [ -2377.3763 -2703.1603 -2521.0356 -2940.0965 -2610.8810 -2316.9081 -2649.1977 -2796.1698 -2592.6566 -2810.7451 -2330.5766 -2820.7635 -2820.7725 -2614.7021 -2557.1491 -2729.7546 -2643.0620 ]
logLH INNER-INNER at edge (3997-3995): -44835.0071, LH derivatives: -17.2427, 17.0824
logLH TIP-INNER at edge (3997-1999): -44835.0071, LH derivatives: -7.8094, 6.8139

datatype = PROT, scaling = per-rate, alpha = 2.000000, pinv = 0.000000, rates = [ 0.293275 0.655014 1.069990 1.981722 ]
recompute P-matrices: 3997
recompute CLVs: 1998
scaler 1995: [ 13+(0 0 0 3)  15+(0 1 3 7)  14+(0 0 1 4)  16+(0 2 6 13)  14+(0 0 2 5)  12+(1 0 1 3)  14+(0 1 3 7)  15+(0 2 5 10)  14+(0 0 2 5)  15+(0 2 5 10)  13+(0 0 0 2)  15+(0 2 4 7)  15+(0 2 4 7)  14+(0 1 3 8)  14+(0 0 1 4)  15+(0 1 4 10)  14+(0 1 2 6)  ]
per-site logLH: [ -2377.3763 -2703.1603 -2521.0356 -2940.0965 -2610.8810 -2316.9081 -2649.1977 -2796.1698 -2592.6566 -2810.7451 -2330.5766 -2820.7635 -2820.7725 -2614.7021 -2557.1491 -2729.7546 -2643.0620 ]
logLH INNER-INNER at edge (3997-3995): -44835.0071, LH derivatives: -17.2427, 17.0824
logLH TIP-INNER at edge (3997-1999): -44835.0071, LH derivatives: -7.8094, 6.8139

datatype = ODD, scaling = per-site, alpha = 2.000000, pinv = 0.000000, rates = [ 0.293275 0.655014 1.069990 1.981722 ]
recompute P-matrices: 3997
recompute CLVs: 1998
scaler 1995: [ 6 7 8 6 6 3 6 7 8 6 6 3 6 7 8 6 6 ]
per-site logLH: [ -1223.6397 -1381.6689 -1538.0813 -1229.2477 -1187.2682 -647.8031 -1223.6397 -1381.6689 -1538.0813 -1229.2477 -1187.2682 -647.8031 -1223.6397 -1381.6689 -1538.0813 -1229.2477 -1187.2682 ]
logLH INNER-INNER at edge (3997-3995): -20975.3237, LH derivatives: -6.1758, 9.1006
logLH TIP-INNER at edge (3997-1999): -20975.3237, LH derivatives: -5.6097, 6.9847

datatype = ODD, scaling = per-rate, alpha = 2.000000, pinv = 0.000000, rates = [ 0.293275 0.655014 1.069990 1.981722 ]
recompute P-matrices: 3997
recompute CLVs: 1998
scaler 1995: [ 6+(0 2 3 5)  7+(0 2 4 7)  8+(0 3 7 12)  6+(0 2 3 7)  6+(0 1 3 5)  3+(2 1 0 0)  6+(0 2 3 5)  7+(0 2 4 7)  8+(0 3 7 12)  6+(0 2 3 7)  6+(0 1 3 5)  3+(2 1 0 0)  6+(0 2 3 5)  7+(0 2 4 7)  8+(0 3 7 12)  6+(0 2 3 7)  6+(0 1 3 5)  ]
per-site logLH: [ -1223.6397 -1381.6689 -1538.0813 -1229.2477 -1187.2682 -647.8031 -1223.6397 -1381.6689 -1538.0813 -1229.2477 -1187.2682 -647.8031 -1223.6397 -1381.6689 -1538.0813 -1229.2477 -1187.2682 ]
logLH INNER-INNER at edge (3997-3995): -20975.3237, LH derivatives: -6.1758, 9.1006
logLH TIP-INNER at edge (3997-1999): -20975.3237, LH derivatives: -5.6097, 6.9847

datatype = DNA, scaling = per-site, alpha = 2.000000, pinv = 0.100000, rates = [ 0.293275 0.655014 1.069990 1.981722 ]
recompute P-matrices: 3997
recompute CLVs: 1998
scaler 1995: [ 8 6 13 13 5 8 6 13 13 5 8 6 13 13 5 8 6 ]
per-site logLH: [ -1594.8043 -1092.2489 -2452.3503 -2462.8520 -897.4471 -1594.8043 -1092.2489 -2452.3503 -2462.8520 -897.4471 -1594.8043 -1092.2489 -2452.3503 -2462.8520 -897.4471 -1594.8043 -1092.2489 ]
logLH INNER-INNER at edge (3997-3995): -28186.1609, LH derivatives: -9.9565, 11.6447
logLH TIP-INNER at edge (3997-1999): -28186.1609, LH derivatives: -4.3543, 4.1386

datatype = DNA, scaling = per-rate, alpha = 2.000000, pinv = 0.100000, rates = [ 0.293275 0.655014 1.069990 1.981722 ]
recompute P-matrices: 3997
recompute CLVs: 1998
scaler 1995: [ 8+(1 1 1 0)  6+(2 0 0 0)  13+(0 4 6 7)  13+(0 4 6 7)  5+(2 1 0 0)  8+(1 1 1 0)  6+(2 0 0 0)  13+(0 4 6 7)  13+(0 4 6 7)  5+(2 1 0 0)  8+(1 1 1 0)  6+(2 0 0 0)  13+(0 4 6 7)  13+(0 4 6 7)  5+(2 1 0 0)  8+(1 1 1 0)  6+(2 0 0 0)  ]
per-site logLH: [ -1594.8043 -1092.2489 -2452.3503 -2462.8520 -897.4471 -1594.8043 -1092.2489 -2452.3503 -2462.8520 -897.4471 -1594.8043 -1092.2489 -2452.3503 -2462.8520 -897.4471 -1594.8043 -1092.2489 ]
logLH INNER-INNER at edge (3997-3995): -28186.1609, LH derivatives: -9.9565, 11.6447
logLH TIP-INNER at edge (3997-1999): -28186.1609, LH derivatives: -4.3543, 4.1386

datatype = PROT, scaling = per-site, alpha = 2.000000, pinv = 0.100000, rates = [ 0.293275 0.655014 1.069990 1.981722 ]
recompute P-matrices: 3997
recompute CLVs: 1998
scaler 1995: [ 13 15 14 16 14 13 14 15 14 15 13 15 15 14 14 15 14 ]
per-site logLH: [ -2389.2586 -2705.5076 -2509.3442 -2965.0201 -2600.5723 -2325.2151 -2645.9029 -2807.0502 -2583.4691 -2827.7697 -2333.5937 -2829.4200 -2832.4390 -2609.4876 -2542.2339 -2734.2189 -2635.6224 ]
logLH INNER-INNER at edge (3997-3995): -44876.1253, LH derivatives: -17.2250, 17.1955
logLH TIP-INNER at edge (3997-1999): -44876.1253, LH derivatives: -7.5647, 6.7623

datatype = PROT, scaling = per-rate, alpha = 2.000000, pinv = 0.100000, rates = [ 0.293275 0.655014 1.069990 1.981722 ]
recompute P-matrices: 3997
recompute CLVs: 1998
scaler 1995: [ 13+(0 0 1 4)  15+(0 1 3 8)  14+(0 0 1 4)  16+(0 3 7 15)  14+(0 1 2 6)  13+(0 0 0 3)  14+(0 1 3 7)  15+(0 2 5 12)  14+(0 1 2 6)  15+(0 3 6 11)  13+(0 0 0 3)  15+(0 2 4 8)  15+(0 2 4 8)  14+(0 1 3 10)  14+(0 0 1 5)  15+(0 1 4 11)  14+(0 1 3 7)  ]
per-site logLH: [ -2389.2586 -2705.5076 -2509.3442 -2965.0201 -2600.5723 -2325.2151 -2645.9029 -2807.0502 -2583.4691 -2827.7697 -2333.5937 -2829.4200 -2832.4390 -2609.4876 -2542.2339 -2734.2189 -2635.6224 ]
logLH INNER-INNER at edge (3997-3995): -44876.1253, LH derivatives: -17.2250, 17.1955
logLH TIP-INNER at edge (3997-1999): -44876.1253, LH derivatives: -7.5647, 6.7623

datatype = ODD, scaling = per-site, alpha = 2.000000, pinv = 0.100000, rates = [ 0.293275 0.655014 1.069990 1.981722 ]
recompute P-matrices: 3997
recompute CLVs: 1998
scaler 1995: [ 6 7 8 6 6 3 6 7 8 6 6 3 6 7 8 6 6 ]
per-site logLH: [ -1236.9547 -1406.2187 -1581.6875 -1240.9140 -1196.0278 -645.8090 -1236.9547 -1406.2187 -1581.6875 -1240.9140 -1196.0278 -645.8090 -1236.9547 -1406.2187 -1581.6875 -1240.9140 -1196.0278 ]
logLH INNER-INNER at edge (3997-3995): -21277.0263, LH derivatives: -5.8199, 8.9695
logLH TIP-INNER at edge (3997-1999): -21277.0263, LH derivatives: -5.2487, 6.7306

datatype = ODD, scaling = per-rate, alpha = 2.000000, pinv = 0.100000, rates = [ 0.293275 0.655014 1.069990 1.981722 ]
recompute P-matrices: 3997
recompute CLVs: 1998
scaler 1995: [ 6+(0 2 4 6)  7+(0 2 5 7)  8+(0 4 8 13)  6+(0 2 4 7)  6+(0 1 3 6)  3+(1 1 0 0)  6+(0 2 4 6)  7+(0 2 5 7)  8+(0 4 8 13)  6+(0 2 4 7)  6+(0 1 3 6)  3+(1 1 0 0)  6+(0 2 4 6)  7+(0 2 5 7)  8+(0 4 8 13)  6+(0 2 4 7)  6+(0 1 3 6)  ]
per-site logLH: [ -1236.9547 -1406.2187 -1581.6875 -1240.9140 -1196.0278 -645.8090 -1236.9547 -1406.2187 -1581.6875 -1240.9140 -1196.0278 -645.8090 -1236.9547 -1406.2187 -1581.6875 -1240.9140 -1196.0278 ]
logLH INNER-INNER at edge (3997-3995): -21277.0263, LH derivatives: -5.8199, 8.9695
logLH TIP-INNER at edge (3997-1999): -21277.0263, LH derivatives: -5.2487, 6.7306

datatype = DNA, scaling = per-site, alpha = 99.000000, pinv = 0.000000, rates = [ 0.875297 0.964547 1.029683 1.130473 ]
recompute P-matrices: 3997
recompute CLVs: 1998
scaler 1995: [ 9 6 18 18 5 9 6 18 18 5 9 6 18 18 5 9 6 ]
per-site logLH: [ -1658.3038 -1166.0014 -3313.6724 -3314.2351 -1008.3317 -1658.3038 -1166.0014 -3313.6724 -3314.2351 -1008.3317 -1658.3038 -1166.0014 -3313.6724 -3314.2351 -1008.3317 -1658.3038 -1166.0014 ]
logLH INNER-INNER at edge (3997-3995): -34205.9387, LH derivatives: -8.3887, 11.1584
logLH TIP-INNER at edge (3997-1999): -34205.9387, LH derivatives: -3.2590, 3.5133

datatype = DNA, scaling = per-rate, alpha = 99.000000, pinv = 0.000000, rates = [ 0.875297 0.964547 1.029683 1.130473 ]
recompute P-matrices: 3997
recompute CLVs: 1998
scaler 1995: [ 9+(0 0 0 0)  6+(0 0 0 0)  18+(0 1 1 1)  18+(0 1 1 1)  5+(0 0 0 0)  9+(0 0 0 0)  6+(0 0 0 0)  18+(0 1 1 1)  18+(0 1 1 1)  5+(0 0 0 0)  9+(0 0 0 0)  6+(0 0 0 0)  18+(0 1 1 1)  18+(0 1 1 1)  5+(0 0 0 0)  9+(0 0 0 0)  6+(0 0 0 0)  ]
per-site logLH: [ -1658.3038 -1166.0014 -3313.6724 -3314.2351 -1008.3317 -1658.3038 -1166.0014 -3313.6724 -3314.2351 -1008.3317 -1658.3038 -1166.0014 -3313.6724 -3314.2351 -1008.3317 -1658.3038 -1166.0014 ]
logLH INNER-INNER at edge (3997-3995): -34205.9387, LH derivatives: -8.3887, 11.1584
logLH TIP-INNER at edge (3997-1999): -34205.9387, LH derivatives: -3.2590, 3.5133

datatype = PROT, scaling = per-site, alpha = 99.000000, pinv = 0.000000, rates = [ 0.875297 0.964547 1.029683 1.130473 ]
recompute P-matrices: 3997
recompute CLVs: 1998
scaler 1995: [ 13 17 14 20 15 13 16 18 15 19 13 18 18 16 14 17 16 ]
per-site logLH: [ -2426.7931 -3081.7207 -2648.7677 -3724.9437 -2790.4974 -2356.0200 -2930.9585 -3339.1844 -2780.3233 -3409.4058 -2353.9580 -3235.1054 -3267.2507 -2911.2948 -2664.2559 -3183.3530 -2862.4508 ]
logLH INNER-INNER at edge (3997-3995): -49966.2831, LH derivatives: -16.0206, 18.2586
logLH TIP-INNER at edge (3997-1999): -49966.2831, LH derivatives: -4.5836, 5.5026

datatype = PROT, scaling = per-rate, alpha = 99.000000, pinv = 0.000000, rates = [ 0.875297 0.964547 1.029683 1.130473 ]
recompute P-matrices: 3997
recompute CLVs: 1998
scaler 1995: [ 13+(0 0 0 1)  17+(0 0 1 1)  14+(0 1 1 1)  20+(0 1 2 3)  15+(0 0 1 1)  13+(0 0 0 0)  16+(0 0 1 1)  18+(0 1 1 2)  15+(0 0 1 1)  19+(0 0 1 1)  13+(0 0 0 0)  18+(0 0 0 1)  18+(0 0 1 1)  16+(0 0 1 1)  14+(0 1 1 1)  17+(0 1 1 2)  16+(0 0 0 1)  ]
per-site logLH: [ -2426.7931 -3081.7207 -2648.7677 -3724.9437 -2790.4974 -2356.0200 -2930.9585 -3339.1844 -2780.3233 -3409.4058 -2353.9580 -3235.1054 -3267.2507 -2911.2948 -2664.2559 -3183.3530 -2862.4508 ]
logLH INNER-INNER at edge (3997-3995): -49966.2831, LH derivatives: -16.0206, 18.2586
logLH TIP-INNER at edge (3997-1999): -49966.2831, LH derivatives: -4.5836, 5.5026

datatype = ODD, scaling = per-site, alpha = 99.000000, pinv = 0.000000, rates = [ 0.875297 0.964547 1.029683 1.130473 ]
recompute P-matrices: 3997
recompute CLVs: 1998
scaler 1995: [ 8 10 13 9 8 3 8 10 13 9 8 3 8 10 13 9 8 ]
per-site logLH: [ -1593.0761 -1909.3980 -2441.6817 -1624.1893 -1516.0303 -675.3353 -1593.0761 -1909.3980 -2441.6817 -1624.1893 -1516.0303 -675.3353 -1593.0761 -1909.3980 -2441.6817 -1624.1893 -1516.0303 ]
logLH INNER-INNER at edge (3997-3995): -28603.7968, LH derivatives: -2.3501, 7.5556
logLH TIP-INNER at edge (3997-1999): -28603.7968, LH derivatives: -1.2256, 3.1770

datatype = ODD, scaling = per-rate, alpha = 99.000000, pinv = 0.000000, rates = [ 0.875297 0.964547 1.029683 1.130473 ]
recompute P-matrices: 3997
recompute CLVs: 1998
scaler 1995: [ 8+(0 1 1 1)  10+(0 1 1 1)  13+(0 1 1 2)  9+(0 0 0 1)  8+(0 0 1 1)  3+(0 0 0 0)  8+(0 1 1 1)  10+(0 1 1 1)  13+(0 1 1 2)  9+(0 0 0 1)  8+(0 0 1 1)  3+(0 0 0 0)  8+(0 1 1 1)  10+(0 1 1 1)  13+(0 1 1 2)  9+(0 0 0 1)  8+(0 0 1 1)  ]
per-site logLH: [ -1593.0761 -1909.3980 -2441.6817 -1624.1893 -1516.0303 -675.3353 -1593.0761 -1909.3980 -2441.6817 -1624.1893 -1516.0303 -675.3353 -1593.0761 -1909.3980 -2441.6817 -1624.1893 -1516.0303 ]
logLH INNER-INNER at edge (3997-3995): -28603.7968, LH derivatives: -2.3501, 7.5556
logLH TIP-INNER at edge (3997-1999): -28603.7968, LH derivatives: -1.2256, 3.1770

datatype = DNA, scaling = per-site, alpha = 99.000000, pinv = 0.100000, rates = [ 0.875297 0.964547 1.029683 1.130473 ]
recompute P-matrices: 3997
recompute CLVs: 1998
scaler 1995: [ 9 6 19 19 5 9 6 19 19 5 9 6 19 19 5 9 6 ]
per-site logLH: [ -1648.2443 -1151.0059 -3401.3959 -3400.8778 -989.3431 -1648.2443 -1151.0059 -3401.3959 -3400.8778 -989.3431 -1648.2443 -1151.0059 -3401.3959 -3400.8778 -989.3431 -1648.2443 -1151.0059 ]
logLH INNER-INNER at edge (3997-3995): -34571.8512, LH derivatives: -8.0908, 10.8925
logLH TIP-INNER at edge (3997-1999): -34571.8512, LH derivatives: -3.1559, 3.3219

datatype = DNA, scaling = per-rate, alpha = 99.000000, pinv = 0.100000, rates = [ 0.875297 0.964547 1.029683 1.130473 ]
recompute P-matrices: 3997
recompute CLVs: 1998
scaler 1995: [ 9+(0 0 0 0)  6+(0 0 0 0)  19+(0 0 0 1)  19+(0 0 0 1)  5+(0 0 0 0)  9+(0 0 0 0)  6+(0 0 0 0)  19+(0 0 0 1)  19+(0 0 0 1)  5+(0 0 0 0)  9+(0 0 0 0)  6+(0 0 0 0)  19+(0 0 0 1)  19+(0 0 0 1)  5+(0 0 0 0)  9+(0 0 0 0)  6+(0 0 0 0)  ]
per-site logLH: [ -1648.2443 -1151.0059 -3401.3959 -3400.8778 -989.3431 -1648.2443 -1151.0059 -3401.3959 -3400.8778 -989.3431 -1648.2443 -1151.0059 -3401.3959 -3400.8778 -989.3431 -1648.2443 -1151.0059 ]
logLH INNER-INNER at edge (3997-3995): -34571.8512, LH derivatives: -8.0908, 10.8925
logLH TIP-INNER at edge (3997-1999): -34571.8512, LH derivatives: -3.1559, 3.3219

datatype = PROT, scaling = per-site, alpha = 99.000000, pinv = 0.100000, rates = [ 0.875297 0.964547 1.029683 1.130473 ]
recompute P-matrices: 3997
recompute CLVs: 1998
scaler 1995: [ 13 17 15 21 15 13 16 19 15 19 13 18 18 16 15 18 16 ]
per-site logLH: [ -2459.2647 -3171.3688 -2697.8216 -3881.0055 -2852.8529 -2384.4521 -3005.5191 -3457.9059 -2841.9548 -3526.0033 -2375.6639 -3317.3578 -3350.3212 -2998.7669 -2716.5807 -3293.3919 -2929.4472 ]
logLH INNER-INNER at edge (3997-3995): -51259.6782, LH derivatives: -15.7390, 18.3420
logLH TIP-INNER at edge (3997-1999): -51259.6782, LH derivatives: -4.1711, 5.2158

datatype = PROT, scaling = per-rate, alpha = 99.000000, pinv = 0.100000, rates = [ 0.875297 0.964547 1.029683 1.130473 ]
recompute P-matrices: 3997
recompute CLVs: 1998
scaler 1995: [ 13+(0 0 1 1)  17+(0 1 1 2)  15+(0 0 0 0)  21+(0 1 2 3)  15+(0 1 1 2)  13+(0 0 0 0)  16+(0 1 1 2)  19+(0 1 1 2)  15+(0 1 1 2)  19+(0 1 1 2)  13+(0 0 0 0)  18+(0 1 1 1)  18+(0 1 1 2)  16+(0 1 1 2)  15+(0 0 0 1)  18+(0 1 1 2)  16+(0 0 1 1)  ]
per-site logLH: [ -2459.2647 -3171.3688 -2697.8216 -3881.0055 -2852.8529 -2384.4521 -3005.5191 -3457.9059 -2841.9548 -3526.0033 -2375.6639 -3317.3578 -3350.3212 -2998.7669 -2716.5807 -3293.3919 -2929.4472 ]
logLH INNER-INNER at edge (3997-3995): -51259.6782, LH derivatives: -15.7390, 18.3420
logLH TIP-INNER at edge (3997-1999): -51259.6782, LH derivatives: -4.1711, 5.2158

datatype = ODD, scaling = per-site, alpha = 99.000000, pinv = 0.100000, rates = [ 0.875297 0.964547 1.029683 1.130473 ]
recompute P-matrices: 3997
recompute CLVs: 1998
scaler 1995: [ 9 11 14 9 8 3 9 11 14 9 8 3 9 11 14 9 8 ]
per-site logLH: [ -1656.5127 -1989.1800 -2587.2068 -1701.0129 -1579.3592 -667.6978 -1656.5127 -1989.1800 -2587.2068 -1701.0129 -1579.3592 -667.6978 -1656.5127 -1989.1800 -2587.2068 -1701.0129 -1579.3592 ]
logLH INNER-INNER at edge (3997-3995): -29875.2105, LH derivatives: -1.7996, 6.9813
logLH TIP-INNER at edge (3997-1999): -29875.2105, LH derivatives: -0.7267, 2.5147

datatype = ODD, scaling = per-rate, alpha = 99.000000, pinv = 0.100000, rates = [ 0.875297 0.964547 1.029683 1.130473 ]
recompute P-matrices: 3997
recompute CLVs: 1998
scaler 1995: [ 9+(0 0 0 1)  11+(0 0 0 1)  14+(0 1 1 2)  9+(0 0 1 1)  8+(0 1 1 1)  3+(0 0 0 0)  9+(0 0 0 1)  11+(0 0 0 1)  14+(0 1 1 2)  9+(0 0 1 1)  8+(0 1 1 1)  3+(0 0 0 0)  9+(0 0 0 1)  11+(0 0 0 1)  14+(0 1 1 2)  9+(0 0 1 1)  8+(0 1 1 1)  ]
per-site logLH: [ -1656.5127 -1989.1800 -2587.2068 -1701.0129 -1579.3592 -667.6978 -1656.5127 -1989.1800 -2587.2068 -1701.0129 -1579.3592 -667.6978 -1656.5127 -1989.1800 -2587.2068 -1701.0129 -1579.3592 ]
logLH INNER-INNER at edge (3997-3995): -29875.2105, LH derivatives: -1.7996, 6.9813
logLH TIP-INNER at edge (3997-1999): -29875.2105, LH derivatives: -0.7267, 2.5147

